Program(None,Package(QuickSort,None,Method(displayList,VoidType,VarDef(start,IntType),VarDef(len,IntType),MethodBlock(VarDef(j,IntType),MethodCall(print_string,StringConstant("List:\n")),ForStmt(AssignVar(j,VariableExpr(start)),BinaryExpr(Lt,VariableExpr(j),BinaryExpr(Plus,VariableExpr(start),VariableExpr(len))),AssignVar(j,BinaryExpr(Plus,VariableExpr(j),NumberExpr(1))),Block(None,MethodCall(print_int,ArrayLocExpr(list,VariableExpr(j))),MethodCall(print_string,StringConstant(" ")),IfStmt(BinaryExpr(Or,BinaryExpr(Eq,BinaryExpr(Mod,BinaryExpr(Plus,BinaryExpr(Minus,VariableExpr(j),VariableExpr(start)),NumberExpr(1)),NumberExpr(20)),NumberExpr(0)),BinaryExpr(Eq,BinaryExpr(Plus,VariableExpr(j),NumberExpr(1)),BinaryExpr(Plus,VariableExpr(start),VariableExpr(len)))),Block(None,MethodCall(cr,None)),None)))))))
