Program(None,Package(QuickSort,None,Method(main,VoidType,None,MethodBlock(VarDef(size,IntType),AssignVar(size,NumberExpr(100)),MethodCall(initList,VariableExpr(size)),MethodCall(displayList,NumberExpr(0),VariableExpr(size)),MethodCall(quickSort,NumberExpr(0),BinaryExpr(Minus,VariableExpr(size),NumberExpr(1))),MethodCall(print_string,StringConstant("After sorting:\n")),MethodCall(displayList,NumberExpr(0),VariableExpr(size))))))
