Program(None,Package(QuickSort,None,Method(cr,VoidType,None,MethodBlock(None,MethodCall(print_string,StringConstant("\n"))))))
