Program(None,Package(QuickSort,None,Method(initList,VoidType,VarDef(size,IntType),MethodBlock(VarDef(i,IntType),ForStmt(AssignVar(i,NumberExpr(0)),BinaryExpr(Lt,VariableExpr(i),VariableExpr(size)),AssignVar(i,BinaryExpr(Plus,VariableExpr(i),NumberExpr(1))),Block(None,AssignArrayLoc(list,VariableExpr(i),BinaryExpr(Mod,BinaryExpr(Mult,VariableExpr(i),NumberExpr(2382983)),NumberExpr(100)))))))))
