Program(ExternFunction(print_string,VoidType,VarDef(StringType)),ExternFunction(print_int,VoidType,VarDef(IntType)),Package(QuickSort,FieldDecl(x,IntType,Scalar),Method(main,VoidType,None,MethodBlock(None,None))))
