Program(ExternFunction(print_int,VoidType,VarDef(IntType)),Package(GreatestCommonDivisor,AssignGlobalVar(a,IntType,NumberExpr(10)),AssignGlobalVar(b,IntType,NumberExpr(20)),Method(main,IntType,None,MethodBlock(VarDef(z,IntType),MethodCall(print_int,MethodCall(gcd,VariableExpr(a),VariableExpr(b))))),Method(iszero,BoolType,VarDef(a,IntType),VarDef(b,IntType),MethodBlock(None,IfStmt(BinaryExpr(Eq,VariableExpr(b),NumberExpr(0)),Block(None,ReturnStmt(VariableExpr(a))),Block(None,ReturnStmt(MethodCall(gcd,VariableExpr(b),BinaryExpr(Mod,VariableExpr(a),VariableExpr(b)))))))),Method(gcd,IntType,VarDef(a,IntType),VarDef(b,IntType),MethodBlock(None,ReturnStmt(MethodCall(iszero,VariableExpr(a),VariableExpr(b)))))))
