Program(None,Package(C,FieldDecl(x,IntType,Scalar),FieldDecl(size,IntType,Scalar),Method(f,VoidType,None,MethodBlock(VarDef(x,IntType),VarDef(i,IntType),AssignVar(size,NumberExpr(100)),WhileStmt(BoolExpr(True),Block(None,AssignVar(x,NumberExpr(1)),AssignVar(leftPtr,NumberExpr(10)),ForStmt(AssignVar(i,NumberExpr(0)),BinaryExpr(Lt,VariableExpr(i),VariableExpr(size)),AssignVar(i,BinaryExpr(Plus,VariableExpr(i),NumberExpr(1))),Block(None,AssignVar(x,NumberExpr(1)),AssignVar(rightPtr,NumberExpr(20)),IfStmt(BinaryExpr(Geq,VariableExpr(leftPtr),VariableExpr(rightPtr)),Block(None,AssignVar(x,NumberExpr(1))),None)))))))))
