Program(None,Package(QuickSort,FieldDecl(a,IntType,Array(100)),FieldDecl(b,IntType,Array(100)),FieldDecl(c,IntType,Array(100)),Method(main,VoidType,None,MethodBlock(None,None))))
