Program(None,Package(QuickSort,FieldDecl(a,IntType,Scalar),FieldDecl(b,IntType,Scalar),FieldDecl(c,IntType,Scalar),Method(main,VoidType,None,MethodBlock(None,None))))
